{
	"result" : [
		[
			"0,1,2,3,4,5,6,7,8,9,10,11",
			"0,1,2,3,4,5,6,7,8,9,10,11",
			"0,1,2,3,4,5,6,7,8,9,10,11"
		],
		[
			"0,36/80,40/80,44/80,48/80,149/80,153/80,157/80,161/80,165",
			"0,36,40,44,48,149,153,157,161,165",
			"0,36l,40u,44l,48u,149l,153u,157l,161u",
			"0,36/80,40/80,44/80,48/80,149/80,153/80,157/80,161/80"
		],
		[
			"0,36/80,40/80,44/80,48/80,149/80,153/80,157/80,161/80,165",
			"0,36,40,44,48,149,153,157,161,165",
			"0,36l,40u,44l,48u,149l,153u,157l,161u",
			"0,36/80,40/80,44/80,48/80,149/80,153/80,157/80,161/80"
		]
	]
}